Resolving dependencies...
Downloading packages...
  _fe_analyzer_shared 67.0.0 (92.0.0 available)
  _flutterfire_internals 1.3.25 (1.3.64 available)
  analyzer 6.4.1 (9.0.0 available)
  archive 3.6.1 (4.0.7 available)
  build 2.4.1 (4.0.3 available)
  build_config 1.1.2 (1.2.0 available)
  build_daemon 4.1.0 (4.1.1 available)
  build_resolvers 2.4.2 (3.0.4 available)
  build_runner 2.4.13 (2.10.4 available)
  build_runner_core 7.3.2 (9.3.2 available)
  built_value 8.12.0 (8.12.1 available)
  cached_network_image 3.4.0 (3.4.1 available)
  cached_network_image_platform_interface 4.1.0 (4.1.1 available)
  cached_network_image_web 1.3.0 (1.3.1 available)
  characters 1.4.0 (1.4.1 available)
  cloud_firestore 4.15.8 (6.1.0 available)
  cloud_firestore_platform_interface 6.1.9 (7.0.4 available)
  cloud_firestore_web 3.10.8 (5.1.0 available)
  cloud_functions 4.6.8 (6.0.4 available)
  cloud_functions_platform_interface 5.5.19 (5.8.7 available)
  cloud_functions_web 4.7.2 (5.1.0 available)
  connectivity_plus 5.0.2 (7.0.0 available)
  connectivity_plus_platform_interface 1.2.4 (2.0.1 available)
  cross_file 0.3.3+8 (0.3.5+1 available)
  crypto 3.0.6 (3.0.7 available)
  dart_style 2.3.6 (3.1.3 available)
  device_info_plus 9.1.2 (12.2.0 available)
  dio_web_adapter 1.1.1 (2.1.1 available)
  file_selector_linux 0.9.3+2 (0.9.4 available)
  file_selector_macos 0.9.4+5 (0.9.5 available)
  file_selector_platform_interface 2.6.2 (2.7.0 available)
  file_selector_windows 0.9.3+4 (0.9.3+5 available)
  firebase_analytics 10.8.9 (12.0.4 available)
  firebase_analytics_platform_interface 3.9.9 (5.0.4 available)
  firebase_analytics_web 0.5.5+21 (0.6.1 available)
  firebase_auth 4.17.8 (6.1.2 available)
  firebase_auth_platform_interface 7.1.8 (8.1.4 available)
  firebase_auth_web 5.9.8 (6.1.0 available)
  firebase_core 2.27.0 (4.2.1 available)
  firebase_core_platform_interface 5.4.2 (6.0.2 available)
  firebase_core_web 2.11.5 (3.3.0 available)
  firebase_crashlytics 3.4.18 (5.0.5 available)
  firebase_crashlytics_platform_interface 3.6.25 (3.8.15 available)
  firebase_messaging 14.7.19 (16.0.4 available)
  firebase_messaging_platform_interface 4.5.27 (4.7.4 available)
  firebase_messaging_web 3.6.8 (4.1.0 available)
  firebase_performance 0.9.3+17 (0.11.1+2 available)
  firebase_performance_platform_interface 0.1.4+25 (0.1.6+2 available)
  firebase_performance_web 0.1.4+25 (0.1.8 available)
  firebase_storage 11.6.9 (13.0.4 available)
  firebase_storage_platform_interface 5.1.12 (5.2.15 available)
  firebase_storage_web 3.7.3 (3.11.0 available)
  fl_chart 0.65.0 (1.1.1 available)
  flutter_arb_translator 1.0.12 (1.0.25 available)
  flutter_cache_manager 3.4.0 (3.4.1 available)
  flutter_image_compress 2.3.0 (2.4.0 available)
  flutter_image_compress_web 0.1.4+1 (0.1.5 available)
  flutter_lints 3.0.2 (6.0.0 available)
  flutter_local_notifications 17.2.4 (19.5.0 available)
  flutter_local_notifications_linux 4.0.1 (6.0.0 available)
  flutter_local_notifications_platform_interface 7.2.0 (9.1.0 available)
  flutter_map 6.1.0 (8.2.2 available)
  flutter_map_cancellable_tile_provider 2.0.0 (discontinued replaced by flutter_map)
  flutter_plugin_android_lifecycle 2.0.32 (2.0.33 available)
  flutter_svg 2.2.1 (2.2.3 available)
  geocoding 2.2.2 (4.0.0 available)
  geocoding_android 3.3.1 (4.0.1 available)
  geocoding_ios 2.3.0 (3.1.0 available)
  geocoding_platform_interface 3.2.0 (4.0.0 available)
  geolocator 10.1.1 (14.0.2 available)
  geolocator_android 4.6.2 (5.0.2 available)
  geolocator_web 2.2.1 (4.1.3 available)
  get 4.6.6 (4.7.3 available)
  google_generative_ai 0.2.3 (0.4.7 available)
  google_identity_services_web 0.3.0+2 (0.3.3+1 available)
  google_maps 6.3.0 (8.2.0 available)
  google_maps_flutter 2.5.3 (2.14.0 available)
  google_maps_flutter_android 2.18.4 (2.18.6 available)
  google_maps_flutter_ios 2.15.5 (2.15.7 available)
  google_maps_flutter_platform_interface 2.14.0 (2.14.1 available)
  google_maps_flutter_web 0.5.4+3 (0.5.14+3 available)
  google_sign_in 6.2.2 (7.2.0 available)
  google_sign_in_android 6.2.1 (7.2.6 available)
  google_sign_in_ios 5.9.0 (6.2.4 available)
  google_sign_in_platform_interface 2.5.0 (3.1.0 available)
  google_sign_in_web 0.12.3+3 (1.1.0 available)
  http 1.2.0 (1.6.0 available)
  image 4.3.0 (4.5.4 available)
  image_picker 1.1.2 (1.2.1 available)
  image_picker_android 0.8.13+5 (0.8.13+10 available)
  image_picker_for_web 3.0.2 (3.1.1 available)
  image_picker_ios 0.8.13+1 (0.8.13+2 available)
  js 0.6.7 (0.7.2 available)
  lints 3.0.0 (6.0.0 available)
  location 5.0.3 (8.0.1 available)
  location_platform_interface 3.1.2 (6.0.1 available)
  location_web 4.2.0 (6.0.1 available)
  lottie 2.7.0 (3.3.2 available)
  matcher 0.12.17 (0.12.18 available)
  material_color_utilities 0.11.1 (0.13.0 available)
  meta 1.16.0 (1.17.0 available)
  mgrs_dart 2.0.0 (3.0.0 available)
  mime 1.0.6 (2.0.0 available)
  package_info_plus 5.0.1 (9.0.0 available)
  package_info_plus_platform_interface 2.0.1 (3.2.1 available)
  path_provider_android 2.2.20 (2.2.22 available)
  path_provider_foundation 2.4.3 (2.5.1 available)
  permission_handler 11.4.0 (12.0.1 available)
  permission_handler_android 12.1.0 (13.0.1 available)
  permission_handler_html 0.1.1 (0.1.3+5 available)
  photo_view 0.14.0 (0.15.0 available)
  pointycastle 3.9.1 (4.0.0 available)
  printing 5.12.0 (5.14.2 available)
  proj4dart 2.1.0 (3.0.0 available)
  share_plus 7.2.2 (12.0.1 available)
  share_plus_platform_interface 3.4.0 (6.1.0 available)
  shared_preferences 2.2.3 (2.5.3 available)
  shared_preferences_android 2.4.15 (2.4.17 available)
  shared_preferences_foundation 2.5.5 (2.5.6 available)
  shared_preferences_web 2.2.2 (2.4.3 available)
  shelf_web_socket 2.0.1 (3.0.0 available)
  source_gen 1.5.0 (4.1.1 available)
  source_helper 1.3.5 (1.3.9 available)
  test_api 0.7.6 (0.7.8 available)
  timezone 0.9.4 (0.10.1 available)
  unicode 0.3.1 (1.1.8 available)
  url_launcher_android 6.3.24 (6.3.28 available)
  url_launcher_ios 6.3.5 (6.3.6 available)
  url_launcher_linux 3.2.1 (3.2.2 available)
  url_launcher_macos 3.2.4 (3.2.5 available)
  url_launcher_web 2.2.3 (2.4.1 available)
  url_launcher_windows 3.1.4 (3.1.5 available)
  uuid 4.5.1 (4.5.2 available)
  web 0.4.2 (1.1.1 available)
  web_socket_channel 2.4.3 (3.0.3 available)
  webview_flutter_android 4.10.5 (4.10.9 available)
  webview_flutter_wkwebview 3.23.1 (3.23.4 available)
  win32_registry 1.1.5 (2.1.0 available)
Got dependencies!
1 package is discontinued.
138 packages have newer versions incompatible with dependency constraints.
Try `flutter pub outdated` for more information.
00:00 +0: loading C:/Users/famin/Documents/famingairrigate/test/widget_test.dart
00:00 +0: App initializes and shows splash screen
_AppLocaleWrapper building with locale: en
Pending timers:
Timer (duration: 0:00:03.000000, periodic: false), created:
#0      new FakeTimer._ (package:fake_async/fake_async.dart:342:62)
#1      FakeAsync._createTimer (package:fake_async/fake_async.dart:260:29)
#2      FakeAsync.run.<anonymous closure> (package:fake_async/fake_async.dart:185:15)
#6      _SplashScreenState._navigateToNextScreen (package:faminga_irrigation/screens/splash_screen.dart:46:18)
#7      _SplashScreenState.initState (package:faminga_irrigation/screens/splash_screen.dart:26:5)
#8      StatefulElement._firstBuild (package:flutter/src/widgets/framework.dart:5852:55)
#9      ComponentElement.mount (package:flutter/src/widgets/framework.dart:5699:5)
...     Normal element mounting (157 frames)
#166    Element.inflateWidget (package:flutter/src/widgets/framework.dart:4548:16)
#167    MultiChildRenderObjectElement.inflateWidget (package:flutter/src/widgets/framework.dart:7169:36)
#168    MultiChildRenderObjectElement.mount (package:flutter/src/widgets/framework.dart:7185:32)
...     Normal element mounting (494 frames)
#662    SingleChildWidgetElementMixin.mount (package:nested/nested.dart:222:11)
...     Normal element mounting (7 frames)
#669    _InheritedProviderScopeElement.mount (package:provider/src/inherited_provider.dart:424:11)
...     Normal element mounting (7 frames)
#676    _InheritedProviderScopeElement.mount (package:provider/src/inherited_provider.dart:424:11)
...     Normal element mounting (7 frames)
#683    _InheritedProviderScopeElement.mount (package:provider/src/inherited_provider.dart:424:11)
...     Normal element mounting (7 frames)
#690    _InheritedProviderScopeElement.mount (package:provider/src/inherited_provider.dart:424:11)
...     Normal element mounting (7 frames)
#697    _InheritedProviderScopeElement.mount (package:provider/src/inherited_provider.dart:424:11)
...     Normal element mounting (7 frames)
#704    SingleChildWidgetElementMixin.mount (package:nested/nested.dart:222:11)
...     Normal element mounting (7 frames)
#711    _NestedHookElement.mount (package:nested/nested.dart:187:11)
...     Normal element mounting (7 frames)
#718    SingleChildWidgetElementMixin.mount (package:nested/nested.dart:222:11)
...     Normal element mounting (7 frames)
#725    Element.inflateWidget (package:flutter/src/widgets/framework.dart:4548:16)
#726    Element.updateChild (package:flutter/src/widgets/framework.dart:3998:20)
#727    ComponentElement.performRebuild (package:flutter/src/widgets/framework.dart:5747:16)
#728    Element.rebuild (package:flutter/src/widgets/framework.dart:5435:7)
#729    ProxyElement.update (package:flutter/src/widgets/framework.dart:6051:5)
#730    _InheritedNotifierElement.update (package:flutter/src/widgets/inherited_notifier.dart:108:11)
#731    Element.updateChild (package:flutter/src/widgets/framework.dart:3982:15)
#732    ComponentElement.performRebuild (package:flutter/src/widgets/framework.dart:5747:16)
#733    StatefulElement.performRebuild (package:flutter/src/widgets/framework.dart:5884:11)
#734    Element.rebuild (package:flutter/src/widgets/framework.dart:5435:7)
#735    StatefulElement.update (package:flutter/src/widgets/framework.dart:5909:5)
#736    Element.updateChild (package:flutter/src/widgets/framework.dart:3982:15)
#737    ComponentElement.performRebuild (package:flutter/src/widgets/framework.dart:5747:16)
#738    Element.rebuild (package:flutter/src/widgets/framework.dart:5435:7)
#739    ProxyElement.update (package:flutter/src/widgets/framework.dart:6051:5)
#740    _InheritedNotifierElement.update (package:flutter/src/widgets/inherited_notifier.dart:108:11)
#741    Element.updateChild (package:flutter/src/widgets/framework.dart:3982:15)
#742    ComponentElement.performRebuild (package:flutter/src/widgets/framework.dart:5747:16)
#743    StatefulElement.performRebuild (package:flutter/src/widgets/framework.dart:5884:11)
#744    Element.rebuild (package:flutter/src/widgets/framework.dart:5435:7)
#745    StatefulElement.update (package:flutter/src/widgets/framework.dart:5909:5)
#746    Element.updateChild (package:flutter/src/widgets/framework.dart:3982:15)
#747    ComponentElement.performRebuild (package:flutter/src/widgets/framework.dart:5747:16)
#748    StatefulElement.performRebuild (package:flutter/src/widgets/framework.dart:5884:11)
#749    Element.rebuild (package:flutter/src/widgets/framework.dart:5435:7)
#750    StatefulElement.update (package:flutter/src/widgets/framework.dart:5909:5)
#751    Element.updateChild (package:flutter/src/widgets/framework.dart:3982:15)
#752    ComponentElement.performRebuild (package:flutter/src/widgets/framework.dart:5747:16)
#753    Element.rebuild (package:flutter/src/widgets/framework.dart:5435:7)
#754    ProxyElement.update (package:flutter/src/widgets/framework.dart:6051:5)
#755    Element.updateChild (package:flutter/src/widgets/framework.dart:3982:15)
#756    ComponentElement.performRebuild (package:flutter/src/widgets/framework.dart:5747:16)
#757    StatefulElement.performRebuild (package:flutter/src/widgets/framework.dart:5884:11)
#758    Element.rebuild (package:flutter/src/widgets/framework.dart:5435:7)
#759    StatefulElement.update (package:flutter/src/widgets/framework.dart:5909:5)
#760    Element.updateChild (package:flutter/src/widgets/framework.dart:3982:15)
#761    ComponentElement.performRebuild (package:flutter/src/widgets/framework.dart:5747:16)
#762    Element.rebuild (package:flutter/src/widgets/framework.dart:5435:7)
#763    ProxyElement.update (package:flutter/src/widgets/framework.dart:6051:5)
#764    Element.updateChild (package:flutter/src/widgets/framework.dart:3982:15)
#765    ComponentElement.performRebuild (package:flutter/src/widgets/framework.dart:5747:16)
#766    Element.rebuild (package:flutter/src/widgets/framework.dart:5435:7)
#767    ProxyElement.update (package:flutter/src/widgets/framework.dart:6051:5)
#768    Element.updateChild (package:flutter/src/widgets/framework.dart:3982:15)
#769    _RawViewElement._updateChild (package:flutter/src/widgets/view.dart:481:16)
#770    _RawViewElement.update (package:flutter/src/widgets/view.dart:568:5)
#771    Element.updateChild (package:flutter/src/widgets/framework.dart:3982:15)
#772    ComponentElement.performRebuild (package:flutter/src/widgets/framework.dart:5747:16)
#773    Element.rebuild (package:flutter/src/widgets/framework.dart:5435:7)
#774    StatelessElement.update (package:flutter/src/widgets/framework.dart:5797:5)
#775    Element.updateChild (package:flutter/src/widgets/framework.dart:3982:15)
#776    ComponentElement.performRebuild (package:flutter/src/widgets/framework.dart:5747:16)
#777    StatefulElement.performRebuild (package:flutter/src/widgets/framework.dart:5884:11)
#778    Element.rebuild (package:flutter/src/widgets/framework.dart:5435:7)
#779    StatefulElement.update (package:flutter/src/widgets/framework.dart:5909:5)
#780    Element.updateChild (package:flutter/src/widgets/framework.dart:3982:15)
#781    RootElement._rebuild (package:flutter/src/widgets/binding.dart:1716:16)
#782    RootElement.update (package:flutter/src/widgets/binding.dart:1694:5)
#783    RootElement.performRebuild (package:flutter/src/widgets/binding.dart:1708:7)
#784    Element.rebuild (package:flutter/src/widgets/framework.dart:5435:7)
#785    BuildScope._tryRebuild (package:flutter/src/widgets/framework.dart:2695:15)
#786    BuildScope._flushDirtyElements (package:flutter/src/widgets/framework.dart:2752:11)
#787    BuildOwner.buildScope (package:flutter/src/widgets/framework.dart:3056:18)
#788    AutomatedTestWidgetsFlutterBinding.drawFrame (package:flutter_test/src/binding.dart:1506:19)
#789    RendererBinding._handlePersistentFrameCallback (package:flutter/src/rendering/binding.dart:495:5)
#790    SchedulerBinding._invokeFrameCallback (package:flutter/src/scheduler/binding.dart:1434:15)
#791    SchedulerBinding.handleDrawFrame (package:flutter/src/scheduler/binding.dart:1347:9)
#792    AutomatedTestWidgetsFlutterBinding.pump.<anonymous closure> (package:flutter_test/src/binding.dart:1335:9)
#795    TestAsyncUtils.guard (package:flutter_test/src/test_async_utils.dart:74:41)
#796    AutomatedTestWidgetsFlutterBinding.pump (package:flutter_test/src/binding.dart:1324:27)
#797    WidgetTester.pumpWidget.<anonymous closure> (package:flutter_test/src/widget_tester.dart:598:22)
#800    TestAsyncUtils.guard (package:flutter_test/src/test_async_utils.dart:74:41)
#801    WidgetTester.pumpWidget (package:flutter_test/src/widget_tester.dart:595:27)
#802    main.<anonymous closure> (file:///C:/Users/famin/Documents/famingairrigate/test/widget_test.dart:13:18)
#803    testWidgets.<anonymous closure>.<anonymous closure> (package:flutter_test/src/widget_tester.dart:192:29)
<asynchronous suspension>
#804    TestWidgetsFlutterBinding._runTestBody (package:flutter_test/src/binding.dart:1059:5)
<asynchronous suspension>
<asynchronous suspension>
(elided 8 frames from dart:async and package:stack_trace)

ΓòÉΓòÉΓòí EXCEPTION CAUGHT BY FLUTTER TEST FRAMEWORK Γò₧ΓòÉΓòÉΓòÉΓòÉΓòÉΓòÉΓòÉΓòÉΓòÉΓòÉΓòÉΓòÉΓòÉΓòÉΓòÉΓòÉΓòÉΓòÉΓòÉΓòÉΓòÉΓòÉΓòÉΓòÉΓòÉΓòÉΓòÉΓòÉΓòÉΓòÉΓòÉΓòÉΓòÉΓòÉΓòÉΓòÉΓòÉΓòÉΓòÉΓòÉΓòÉΓòÉΓòÉΓòÉΓòÉΓòÉΓòÉΓòÉΓòÉΓòÉΓòÉΓòÉ
The following assertion was thrown running a test:
A Timer is still pending even after the widget tree was disposed.
'package:flutter_test/src/binding.dart':
Failed assertion: line 1617 pos 12: '!timersPending'

When the exception was thrown, this was the stack:
#2      AutomatedTestWidgetsFlutterBinding._verifyInvariants (package:flutter_test/src/binding.dart:1617:12)
#3      TestWidgetsFlutterBinding._runTestBody (package:flutter_test/src/binding.dart:1078:7)
<asynchronous suspension>
<asynchronous suspension>
(elided 3 frames from class _AssertionError and package:stack_trace)

The test description was:
  App initializes and shows splash screen
ΓòÉΓòÉΓòÉΓòÉΓòÉΓòÉΓòÉΓòÉΓòÉΓòÉΓòÉΓòÉΓòÉΓòÉΓòÉΓòÉΓòÉΓòÉΓòÉΓòÉΓòÉΓòÉΓòÉΓòÉΓòÉΓòÉΓòÉΓòÉΓòÉΓòÉΓòÉΓòÉΓòÉΓòÉΓòÉΓòÉΓòÉΓòÉΓòÉΓòÉΓòÉΓòÉΓòÉΓòÉΓòÉΓòÉΓòÉΓòÉΓòÉΓòÉΓòÉΓòÉΓòÉΓòÉΓòÉΓòÉΓòÉΓòÉΓòÉΓòÉΓòÉΓòÉΓòÉΓòÉΓòÉΓòÉΓòÉΓòÉΓòÉΓòÉΓòÉΓòÉΓòÉΓòÉΓòÉΓòÉΓòÉΓòÉΓòÉΓòÉΓòÉΓòÉΓòÉΓòÉΓòÉΓòÉΓòÉΓòÉΓòÉΓòÉΓòÉΓòÉΓòÉΓòÉΓòÉΓòÉΓòÉΓòÉΓòÉΓòÉ
00:00 +0 -1: App initializes and shows splash screen [E]
  Test failed. See exception logs above.
  The test description was: App initializes and shows splash screen
  
00:00 +0 -1: Brand colors are defined correctly
00:00 +1 -1: App has correct title
_AppLocaleWrapper building with locale: en
Pending timers:
Timer (duration: 0:00:03.000000, periodic: false), created:
#0      new FakeTimer._ (package:fake_async/fake_async.dart:342:62)
#1      FakeAsync._createTimer (package:fake_async/fake_async.dart:260:29)
#2      FakeAsync.run.<anonymous closure> (package:fake_async/fake_async.dart:185:15)
#6      _SplashScreenState._navigateToNextScreen (package:faminga_irrigation/screens/splash_screen.dart:46:18)
#7      _SplashScreenState.initState (package:faminga_irrigation/screens/splash_screen.dart:26:5)
#8      StatefulElement._firstBuild (package:flutter/src/widgets/framework.dart:5852:55)
#9      ComponentElement.mount (package:flutter/src/widgets/framework.dart:5699:5)
...     Normal element mounting (157 frames)
#166    Element.inflateWidget (package:flutter/src/widgets/framework.dart:4548:16)
#167    MultiChildRenderObjectElement.inflateWidget (package:flutter/src/widgets/framework.dart:7169:36)
#168    MultiChildRenderObjectElement.mount (package:flutter/src/widgets/framework.dart:7185:32)
...     Normal element mounting (494 frames)
#662    SingleChildWidgetElementMixin.mount (package:nested/nested.dart:222:11)
...     Normal element mounting (7 frames)
#669    _InheritedProviderScopeElement.mount (package:provider/src/inherited_provider.dart:424:11)
...     Normal element mounting (7 frames)
#676    _InheritedProviderScopeElement.mount (package:provider/src/inherited_provider.dart:424:11)
...     Normal element mounting (7 frames)
#683    _InheritedProviderScopeElement.mount (package:provider/src/inherited_provider.dart:424:11)
...     Normal element mounting (7 frames)
#690    _InheritedProviderScopeElement.mount (package:provider/src/inherited_provider.dart:424:11)
...     Normal element mounting (7 frames)
#697    _InheritedProviderScopeElement.mount (package:provider/src/inherited_provider.dart:424:11)
...     Normal element mounting (7 frames)
#704    SingleChildWidgetElementMixin.mount (package:nested/nested.dart:222:11)
...     Normal element mounting (7 frames)
#711    _NestedHookElement.mount (package:nested/nested.dart:187:11)
...     Normal element mounting (7 frames)
#718    SingleChildWidgetElementMixin.mount (package:nested/nested.dart:222:11)
...     Normal element mounting (7 frames)
#725    Element.inflateWidget (package:flutter/src/widgets/framework.dart:4548:16)
#726    Element.updateChild (package:flutter/src/widgets/framework.dart:3998:20)
#727    ComponentElement.performRebuild (package:flutter/src/widgets/framework.dart:5747:16)
#728    Element.rebuild (package:flutter/src/widgets/framework.dart:5435:7)
#729    ProxyElement.update (package:flutter/src/widgets/framework.dart:6051:5)
#730    _InheritedNotifierElement.update (package:flutter/src/widgets/inherited_notifier.dart:108:11)
#731    Element.updateChild (package:flutter/src/widgets/framework.dart:3982:15)
#732    ComponentElement.performRebuild (package:flutter/src/widgets/framework.dart:5747:16)
#733    StatefulElement.performRebuild (package:flutter/src/widgets/framework.dart:5884:11)
#734    Element.rebuild (package:flutter/src/widgets/framework.dart:5435:7)
#735    StatefulElement.update (package:flutter/src/widgets/framework.dart:5909:5)
#736    Element.updateChild (package:flutter/src/widgets/framework.dart:3982:15)
#737    ComponentElement.performRebuild (package:flutter/src/widgets/framework.dart:5747:16)
#738    Element.rebuild (package:flutter/src/widgets/framework.dart:5435:7)
#739    ProxyElement.update (package:flutter/src/widgets/framework.dart:6051:5)
#740    _InheritedNotifierElement.update (package:flutter/src/widgets/inherited_notifier.dart:108:11)
#741    Element.updateChild (package:flutter/src/widgets/framework.dart:3982:15)
#742    ComponentElement.performRebuild (package:flutter/src/widgets/framework.dart:5747:16)
#743    StatefulElement.performRebuild (package:flutter/src/widgets/framework.dart:5884:11)
#744    Element.rebuild (package:flutter/src/widgets/framework.dart:5435:7)
#745    StatefulElement.update (package:flutter/src/widgets/framework.dart:5909:5)
#746    Element.updateChild (package:flutter/src/widgets/framework.dart:3982:15)
#747    ComponentElement.performRebuild (package:flutter/src/widgets/framework.dart:5747:16)
#748    StatefulElement.performRebuild (package:flutter/src/widgets/framework.dart:5884:11)
#749    Element.rebuild (package:flutter/src/widgets/framework.dart:5435:7)
#750    StatefulElement.update (package:flutter/src/widgets/framework.dart:5909:5)
#751    Element.updateChild (package:flutter/src/widgets/framework.dart:3982:15)
#752    ComponentElement.performRebuild (package:flutter/src/widgets/framework.dart:5747:16)
#753    Element.rebuild (package:flutter/src/widgets/framework.dart:5435:7)
#754    ProxyElement.update (package:flutter/src/widgets/framework.dart:6051:5)
#755    Element.updateChild (package:flutter/src/widgets/framework.dart:3982:15)
#756    ComponentElement.performRebuild (package:flutter/src/widgets/framework.dart:5747:16)
#757    StatefulElement.performRebuild (package:flutter/src/widgets/framework.dart:5884:11)
#758    Element.rebuild (package:flutter/src/widgets/framework.dart:5435:7)
#759    StatefulElement.update (package:flutter/src/widgets/framework.dart:5909:5)
#760    Element.updateChild (package:flutter/src/widgets/framework.dart:3982:15)
#761    ComponentElement.performRebuild (package:flutter/src/widgets/framework.dart:5747:16)
#762    Element.rebuild (package:flutter/src/widgets/framework.dart:5435:7)
#763    ProxyElement.update (package:flutter/src/widgets/framework.dart:6051:5)
#764    Element.updateChild (package:flutter/src/widgets/framework.dart:3982:15)
#765    ComponentElement.performRebuild (package:flutter/src/widgets/framework.dart:5747:16)
#766    Element.rebuild (package:flutter/src/widgets/framework.dart:5435:7)
#767    ProxyElement.update (package:flutter/src/widgets/framework.dart:6051:5)
#768    Element.updateChild (package:flutter/src/widgets/framework.dart:3982:15)
#769    _RawViewElement._updateChild (package:flutter/src/widgets/view.dart:481:16)
#770    _RawViewElement.update (package:flutter/src/widgets/view.dart:568:5)
#771    Element.updateChild (package:flutter/src/widgets/framework.dart:3982:15)
#772    ComponentElement.performRebuild (package:flutter/src/widgets/framework.dart:5747:16)
#773    Element.rebuild (package:flutter/src/widgets/framework.dart:5435:7)
#774    StatelessElement.update (package:flutter/src/widgets/framework.dart:5797:5)
#775    Element.updateChild (package:flutter/src/widgets/framework.dart:3982:15)
#776    ComponentElement.performRebuild (package:flutter/src/widgets/framework.dart:5747:16)
#777    StatefulElement.performRebuild (package:flutter/src/widgets/framework.dart:5884:11)
#778    Element.rebuild (package:flutter/src/widgets/framework.dart:5435:7)
#779    StatefulElement.update (package:flutter/src/widgets/framework.dart:5909:5)
#780    Element.updateChild (package:flutter/src/widgets/framework.dart:3982:15)
#781    RootElement._rebuild (package:flutter/src/widgets/binding.dart:1716:16)
#782    RootElement.update (package:flutter/src/widgets/binding.dart:1694:5)
#783    RootElement.performRebuild (package:flutter/src/widgets/binding.dart:1708:7)
#784    Element.rebuild (package:flutter/src/widgets/framework.dart:5435:7)
#785    BuildScope._tryRebuild (package:flutter/src/widgets/framework.dart:2695:15)
#786    BuildScope._flushDirtyElements (package:flutter/src/widgets/framework.dart:2752:11)
#787    BuildOwner.buildScope (package:flutter/src/widgets/framework.dart:3056:18)
#788    AutomatedTestWidgetsFlutterBinding.drawFrame (package:flutter_test/src/binding.dart:1506:19)
#789    RendererBinding._handlePersistentFrameCallback (package:flutter/src/rendering/binding.dart:495:5)
#790    SchedulerBinding._invokeFrameCallback (package:flutter/src/scheduler/binding.dart:1434:15)
#791    SchedulerBinding.handleDrawFrame (package:flutter/src/scheduler/binding.dart:1347:9)
#792    AutomatedTestWidgetsFlutterBinding.pump.<anonymous closure> (package:flutter_test/src/binding.dart:1335:9)
#795    TestAsyncUtils.guard (package:flutter_test/src/test_async_utils.dart:74:41)
#796    AutomatedTestWidgetsFlutterBinding.pump (package:flutter_test/src/binding.dart:1324:27)
#797    WidgetTester.pumpWidget.<anonymous closure> (package:flutter_test/src/widget_tester.dart:598:22)
#800    TestAsyncUtils.guard (package:flutter_test/src/test_async_utils.dart:74:41)
#801    WidgetTester.pumpWidget (package:flutter_test/src/widget_tester.dart:595:27)
#802    main.<anonymous closure> (file:///C:/Users/famin/Documents/famingairrigate/test/widget_test.dart:30:18)
#803    testWidgets.<anonymous closure>.<anonymous closure> (package:flutter_test/src/widget_tester.dart:192:29)
<asynchronous suspension>
#804    TestWidgetsFlutterBinding._runTestBody (package:flutter_test/src/binding.dart:1059:5)
<asynchronous suspension>
<asynchronous suspension>
(elided 8 frames from dart:async and package:stack_trace)

ΓòÉΓòÉΓòí EXCEPTION CAUGHT BY FLUTTER TEST FRAMEWORK Γò₧ΓòÉΓòÉΓòÉΓòÉΓòÉΓòÉΓòÉΓòÉΓòÉΓòÉΓòÉΓòÉΓòÉΓòÉΓòÉΓòÉΓòÉΓòÉΓòÉΓòÉΓòÉΓòÉΓòÉΓòÉΓòÉΓòÉΓòÉΓòÉΓòÉΓòÉΓòÉΓòÉΓòÉΓòÉΓòÉΓòÉΓòÉΓòÉΓòÉΓòÉΓòÉΓòÉΓòÉΓòÉΓòÉΓòÉΓòÉΓòÉΓòÉΓòÉΓòÉΓòÉ
The following assertion was thrown running a test:
A Timer is still pending even after the widget tree was disposed.
'package:flutter_test/src/binding.dart':
Failed assertion: line 1617 pos 12: '!timersPending'

When the exception was thrown, this was the stack:
#2      AutomatedTestWidgetsFlutterBinding._verifyInvariants (package:flutter_test/src/binding.dart:1617:12)
#3      TestWidgetsFlutterBinding._runTestBody (package:flutter_test/src/binding.dart:1078:7)
<asynchronous suspension>
<asynchronous suspension>
(elided 3 frames from class _AssertionError and package:stack_trace)

The test description was:
  App has correct title
ΓòÉΓòÉΓòÉΓòÉΓòÉΓòÉΓòÉΓòÉΓòÉΓòÉΓòÉΓòÉΓòÉΓòÉΓòÉΓòÉΓòÉΓòÉΓòÉΓòÉΓòÉΓòÉΓòÉΓòÉΓòÉΓòÉΓòÉΓòÉΓòÉΓòÉΓòÉΓòÉΓòÉΓòÉΓòÉΓòÉΓòÉΓòÉΓòÉΓòÉΓòÉΓòÉΓòÉΓòÉΓòÉΓòÉΓòÉΓòÉΓòÉΓòÉΓòÉΓòÉΓòÉΓòÉΓòÉΓòÉΓòÉΓòÉΓòÉΓòÉΓòÉΓòÉΓòÉΓòÉΓòÉΓòÉΓòÉΓòÉΓòÉΓòÉΓòÉΓòÉΓòÉΓòÉΓòÉΓòÉΓòÉΓòÉΓòÉΓòÉΓòÉΓòÉΓòÉΓòÉΓòÉΓòÉΓòÉΓòÉΓòÉΓòÉΓòÉΓòÉΓòÉΓòÉΓòÉΓòÉΓòÉΓòÉΓòÉΓòÉ
00:00 +1 -2: App has correct title [E]
  Test failed. See exception logs above.
  The test description was: App has correct title
  
00:00 +1 -2: Some tests failed.
